<?xml version="1.0" encoding="utf-8"?><testsuite errors="0" failures="0" name="pytest" skips="0" tests="7" time="5.177"><testcase classname="tests.test_basic.TestBasic" file="tests/test_basic.py" line="58" name="test_api_error_handling" time="0.011806964874267578"></testcase><testcase classname="tests.test_basic.TestBasic" file="tests/test_basic.py" line="53" name="test_responsive" time="0.784843921661377"></testcase><testcase classname="tests.test_basic.TestBasic" file="tests/test_basic.py" line="89" name="test_return_description" time="0.4643287658691406"></testcase><testcase classname="tests.test_basic.TestBasic" file="tests/test_basic.py" line="101" name="test_return_indexes" time="0.5013809204101562"></testcase><testcase classname="tests.test_basic.TestBasic" file="tests/test_basic.py" line="66" name="test_return_proper_json" time="0.5107874870300293"></testcase><testcase classname="tests.test_basic.TestBasic" file="tests/test_basic.py" line="95" name="test_return_text" time="0.447429895401001"></testcase><testcase classname="tests.test_basic.TestBasic" file="tests/test_basic.py" line="83" name="test_return_title" time="0.43952322006225586"></testcase></testsuite>